C:/Program Files/Krita (x64)/bin/ffmpeg.exe -hide_banner -y -y -r 12 -start_number 0 -start_number_range 1 -i C:/Users/gazde/OneDrive/Р Р°Р±РѕС‡РёР№ СЃС‚РѕР»/repositori/tanabata_art/assets/artist_preview/towers/TOWER_BASE_ISO/PA/РєР°РґСЂ%04d.png -i C:/Users/gazde/OneDrive/Р Р°Р±РѕС‡РёР№ СЃС‚РѕР»/repositori/tanabata_art/assets/artist_preview/towers/TOWER_BASE_ISO/PA/KritaTempPalettegen_%06d.png -lavfi [0:v][1:v]paletteuse=dither=sierra2_4a:diff_mode=none -f gif -loop 0 -gifflags +transdiff C:/Users/gazde/OneDrive/Р Р°Р±РѕС‡РёР№ СЃС‚РѕР»/repositori/tanabata_art/assets/artist_preview/towers/TOWER_BASE_ISO/PA/PA1_iso_on.gif
=====================================================
Input #0, image2, from 'C:/Users/gazde/OneDrive/Рабочий стол/repositori/tanabata_art/assets/artist_preview/towers/TOWER_BASE_ISO/PA/кадр%04d.png':
  Duration: 00:00:01.20, start: 0.000000, bitrate: N/A
  Stream #0:0: Video: png, rgba(pc), 768x1070 [SAR 2834:2834 DAR 384:535], 25 fps, 25 tbr, 25 tbn, 25 tbc
Input #1, image2, from 'C:/Users/gazde/OneDrive/Рабочий стол/repositori/tanabata_art/assets/artist_preview/towers/TOWER_BASE_ISO/PA/KritaTempPalettegen_%06d.png':
  Duration: 00:00:00.04, start: 0.000000, bitrate: N/A
  Stream #1:0: Video: png, rgba(pc), 16x16 [SAR 1:1 DAR 1:1], 25 fps, 25 tbr, 25 tbn, 25 tbc
Stream mapping:
  Stream #0:0 (png) -> paletteuse:default
  Stream #1:0 (png) -> paletteuse:palette
  paletteuse -> Stream #0:0 (gif)
Press [q] to stop, [?] for help
[image2 @ 00000219f600ef00] Thread message queue blocking; consider raising the thread_queue_size option (current value: 8)
Output #0, gif, to 'C:/Users/gazde/OneDrive/Рабочий стол/repositori/tanabata_art/assets/artist_preview/towers/TOWER_BASE_ISO/PA/PA1_iso_on.gif':
  Metadata:
    encoder         : Lavf58.76.100
  Stream #0:0: Video: gif, pal8(pc, gbr/unknown/unknown, progressive), 768x1070 [SAR 1:1 DAR 384:535], q=2-31, 200 kb/s, 12 fps, 100 tbn (default)
    Metadata:
      encoder         : Lavc58.134.100 gif
frame=    1 fps=0.0 q=-0.0 size=       0kB time=00:00:00.01 bitrate=   0.0kbits/s speed=0.514x    frame=   25 fps=0.0 q=-0.0 size=     768kB time=00:00:02.01 bitrate=3130.1kbits/s speed=3.85x    frame=   30 fps=0.0 q=-0.0 Lsize=    1114kB time=00:00:02.43 bitrate=3755.7kbits/s speed=3.92x    
video:1114kB audio:0kB subtitle:0kB other streams:0kB global headers:0kB muxing overhead: 0.001753%
